// Jest Snapshot v1, https://goo.gl/fbAQLP

exports[`Testing AuthRoute Route type components rendered should match snapShot 1`] = `
<Route
  render={[Function]}
/>
`;
