// Jest Snapshot v1, https://goo.gl/fbAQLP

exports[`<Test Component /> should mount without crashing 1`] = `
<footer
  className="footer-wrapper"
>
  <div
    className="col s12 white"
  >
    Â© 
    2018
  </div>
</footer>
`;
