// Jest Snapshot v1, https://goo.gl/fbAQLP

exports[`Testing CardItem Component the elements rendered by the component should match snapshot 1`] = `
<div>
  <div
    className="col s12 m6 l3 team-card"
  >
    <div
      className="card"
    >
      <div
        className="card-header undefined"
      >
        <span
          className="card-title"
        >
          sample name
        </span>
        <a
          className="btn-floating halfway-fab waves-effect waves-light favorite-btn "
          disabled={false}
          href="#!"
          id="add-favorite-anchor"
          onClick={[Function]}
        >
          <i
            className="material-icons"
          />
        </a>
      </div>
      <div
        className="card-description black-text"
      >
        <p>
          Sample Description
        </p>
      </div>
      <div
        className="card-icons"
      >
        <div
          className="row progress-bar"
          data-tip="10%"
          id="progress-bar"
        >
          <div
            className="progress center-block col s12 undefined"
          >
            <div
              className="determinate undefined"
              style={
                Object {
                  "width": "10%",
                }
              }
            />
          </div>
        </div>
        <NavLink
          activeClassName="active"
          aria-current="page"
          className=" waves-effect waves-light uppercase"
          to="teams/0"
        >
          View team
        </NavLink>
        <i
          className="tiny-small material-icons right"
          data-tip=""
        />
        <a
          className="waves-effect waves-light right modal-trigger icon-link"
          href="#addMember"
        >
          <i
            className="tiny-small material-icons"
            data-tip="add member"
          >
            person_add
          </i>
        </a>
        <i
          className="tiny-small material-icons right"
          data-tip="manage mock-members member(s)"
        >
          groups
        </i>
        <i
          className="tiny-small material-icons right"
          data-tip="admin settings"
        >
          settings
        </i>
      </div>
    </div>
  </div>
</div>
`;
